// Jest Snapshot v1, https://goo.gl/fbAQLP

exports[`should render EditEntryPage 1`] = `
<div>
  <EntryForm
    entry={
      Object {
        "createdAt": 345600000,
        "description": "Credit Card",
        "id": "3",
        "note": "",
      }
    }
    onSubmit={[Function]}
  />
  <button
    onClick={[Function]}
  >
    Remove
  </button>
</div>
`;
